// Jest Snapshot v1, https://goo.gl/fbAQLP

exports[`dom 1`] = `"<div id=\\"container\\"><div class=\\"card-deck\\"><div class=\\"card\\"><div class=\\"card-header\\">Jon</div><div class=\\"card-body\\"><ul class=\\"list-group-flush\\"><li class=\\"list-item\\">20</li><li class=\\"list-item\\">jon@winter.com</li></ul></div></div><div class=\\"card\\"><div class=\\"card-header\\">Daenerys</div><div class=\\"card-body\\"><ul class=\\"list-group-flush\\"><li class=\\"list-item\\">19</li><li class=\\"list-item\\">daenerys@dragons.com</li></ul></div></div><div class=\\"card\\"><div class=\\"card-header\\">Eddard</div><div class=\\"card-body\\"><ul class=\\"list-group-flush\\"><li class=\\"list-item\\">45</li><li class=\\"list-item\\">eddard@winter.com</li></ul></div></div><div class=\\"card\\"><div class=\\"card-header\\">Cersei</div><div class=\\"card-body\\"><ul class=\\"list-group-flush\\"><li class=\\"list-item\\">35</li><li class=\\"list-item\\">cersei@shame.com</li></ul></div></div></div></div>"`;
